// Jest Snapshot v1, https://goo.gl/fbAQLP

exports[`Selector Component tests Renders the component correctly 1`] = `
<section
  className="makeStyles-section-102"
>
  <div
    className="MuiFormControl-root makeStyles-selector1-103"
  >
    <label
      className="MuiFormLabel-root MuiInputLabel-root MuiInputLabel-formControl MuiInputLabel-animated MuiInputLabel-outlined"
      data-shrink={false}
      htmlFor="input-origem"
    >
      Origem
    </label>
    <div
      className="MuiInputBase-root MuiOutlinedInput-root MuiInputBase-formControl"
      onClick={[Function]}
    >
      <div
        aria-haspopup="listbox"
        className="MuiSelect-root MuiSelect-select MuiSelect-selectMenu MuiInputBase-input MuiOutlinedInput-input MuiInputBase-inputSelect MuiOutlinedInput-inputSelect MuiSelect-outlined"
        id="select-origem"
        onBlur={[Function]}
        onClick={[Function]}
        onFocus={[Function]}
        onKeyDown={[Function]}
        role="button"
        tabIndex={0}
      >
        <span
          dangerouslySetInnerHTML={
            Object {
              "__html": "&#8203;",
            }
          }
        />
      </div>
      <input
        id="input-origem"
        name="origem"
        type="hidden"
        value=""
      />
      <svg
        aria-hidden="true"
        className="MuiSvgIcon-root MuiSelect-icon"
        focusable="false"
        role="presentation"
        viewBox="0 0 24 24"
      >
        <path
          d="M7 10l5 5 5-5z"
        />
      </svg>
      <fieldset
        aria-hidden={true}
        className="PrivateNotchedOutline-root-181 MuiOutlinedInput-notchedOutline"
        style={
          Object {
            "paddingLeft": 36,
          }
        }
      >
        <legend
          className="PrivateNotchedOutline-legend-182"
          style={
            Object {
              "width": 0.01,
            }
          }
        >
          <span
            dangerouslySetInnerHTML={
              Object {
                "__html": "&#8203;",
              }
            }
          />
        </legend>
      </fieldset>
    </div>
  </div>
  <div
    className="MuiFormControl-root makeStyles-selector2-104"
  >
    <label
      className="MuiFormLabel-root MuiInputLabel-root MuiInputLabel-formControl MuiInputLabel-animated MuiInputLabel-outlined"
      data-shrink={false}
      htmlFor="input-destino"
    >
      Destino
    </label>
    <div
      className="MuiInputBase-root MuiOutlinedInput-root MuiInputBase-formControl"
      onClick={[Function]}
    >
      <div
        aria-haspopup="listbox"
        className="MuiSelect-root MuiSelect-select MuiSelect-selectMenu MuiInputBase-input MuiOutlinedInput-input MuiInputBase-inputSelect MuiOutlinedInput-inputSelect MuiSelect-outlined"
        id="select-destino"
        onBlur={[Function]}
        onClick={[Function]}
        onFocus={[Function]}
        onKeyDown={[Function]}
        role="button"
        tabIndex={0}
      >
        <span
          dangerouslySetInnerHTML={
            Object {
              "__html": "&#8203;",
            }
          }
        />
      </div>
      <input
        id="input-destino"
        name="destino"
        type="hidden"
        value=""
      />
      <svg
        aria-hidden="true"
        className="MuiSvgIcon-root MuiSelect-icon"
        focusable="false"
        role="presentation"
        viewBox="0 0 24 24"
      >
        <path
          d="M7 10l5 5 5-5z"
        />
      </svg>
      <fieldset
        aria-hidden={true}
        className="PrivateNotchedOutline-root-181 MuiOutlinedInput-notchedOutline"
        style={
          Object {
            "paddingLeft": 36,
          }
        }
      >
        <legend
          className="PrivateNotchedOutline-legend-182"
          style={
            Object {
              "width": 0.01,
            }
          }
        >
          <span
            dangerouslySetInnerHTML={
              Object {
                "__html": "&#8203;",
              }
            }
          />
        </legend>
      </fieldset>
    </div>
  </div>
  <button
    className="MuiButtonBase-root MuiButton-root makeStyles-button-105 MuiButton-contained MuiButton-containedSecondary Mui-disabled Mui-disabled"
    disabled={true}
    onBlur={[Function]}
    onDragLeave={[Function]}
    onFocus={[Function]}
    onKeyDown={[Function]}
    onKeyUp={[Function]}
    onMouseDown={[Function]}
    onMouseLeave={[Function]}
    onMouseUp={[Function]}
    onTouchEnd={[Function]}
    onTouchMove={[Function]}
    onTouchStart={[Function]}
    tabIndex={-1}
    type="button"
  >
    <span
      className="MuiButton-label"
    >
      <svg
        aria-hidden="true"
        className="MuiSvgIcon-root"
        focusable="false"
        role="presentation"
        viewBox="0 0 24 24"
      >
        <path
          d="M15.5 14h-.79l-.28-.27C15.41 12.59 16 11.11 16 9.5 16 5.91 13.09 3 9.5 3S3 5.91 3 9.5 5.91 16 9.5 16c1.61 0 3.09-.59 4.23-1.57l.27.28v.79l5 4.99L20.49 19l-4.99-5zm-6 0C7.01 14 5 11.99 5 9.5S7.01 5 9.5 5 14 7.01 14 9.5 11.99 14 9.5 14z"
        />
      </svg>
    </span>
  </button>
</section>
`;
